/opt/homebrew/opt/python@3.14/bin/python3.14 train_randbit.py --out logs/runs.jsonl --loss=infonce --bits=0 --guide=none --labels=0 --epochs=0
{"loss": "infonce", "bits": 0, "guide": "none", "labels": 0, "epochs": 0, "batch": 256, "seed": 0, "out": "logs/runs.jsonl", "class_accuracy": 0.391375, "final_loss": null, "seconds": 1.1453049182891846}
/opt/homebrew/opt/python@3.14/bin/python3.14 train_randbit.py --out logs/runs.jsonl --loss=infonce --bits=2 --guide=none --labels=0 --epochs=0
{"loss": "infonce", "bits": 2, "guide": "none", "labels": 0, "epochs": 0, "batch": 256, "seed": 0, "out": "logs/runs.jsonl", "class_accuracy": 0.358, "bit_accuracy": 1.0, "final_loss": null, "seconds": 1.2356131076812744}
/opt/homebrew/opt/python@3.14/bin/python3.14 train_randbit.py --out logs/runs.jsonl --loss=infonce --bits=4 --guide=none --labels=0 --epochs=0
{"loss": "infonce", "bits": 4, "guide": "none", "labels": 0, "epochs": 0, "batch": 256, "seed": 0, "out": "logs/runs.jsonl", "class_accuracy": 0.316125, "bit_accuracy": 1.0, "final_loss": null, "seconds": 1.087395191192627}
/opt/homebrew/opt/python@3.14/bin/python3.14 train_randbit.py --out logs/runs.jsonl --loss=infonce --bits=6 --guide=none --labels=0 --epochs=0
{"loss": "infonce", "bits": 6, "guide": "none", "labels": 0, "epochs": 0, "batch": 256, "seed": 0, "out": "logs/runs.jsonl", "class_accuracy": 0.285125, "bit_accuracy": 1.0, "final_loss": null, "seconds": 1.1447339057922363}
/opt/homebrew/opt/python@3.14/bin/python3.14 train_randbit.py --out logs/runs.jsonl --loss=infonce --bits=8 --guide=none --labels=0 --epochs=0
{"loss": "infonce", "bits": 8, "guide": "none", "labels": 0, "epochs": 0, "batch": 256, "seed": 0, "out": "logs/runs.jsonl", "class_accuracy": 0.258375, "bit_accuracy": 1.0, "final_loss": null, "seconds": 1.0379998683929443}
/opt/homebrew/opt/python@3.14/bin/python3.14 train_randbit.py --out logs/runs.jsonl --loss=infonce --bits=16 --guide=none --labels=0 --epochs=0
{"loss": "infonce", "bits": 16, "guide": "none", "labels": 0, "epochs": 0, "batch": 256, "seed": 0, "out": "logs/runs.jsonl", "class_accuracy": 0.191125, "bit_accuracy": 0.9948984375, "final_loss": null, "seconds": 0.9249100685119629}
/opt/homebrew/opt/python@3.14/bin/python3.14 train_randbit.py --out logs/runs.jsonl --loss=infonce --bits=0 --guide=none --labels=0 --epochs=15
epoch 0 loss 3.9838 conflicts 0.00 10s
epoch 1 loss 3.6586 conflicts 0.00 21s
epoch 2 loss 3.5224 conflicts 0.00 32s
epoch 3 loss 3.3211 conflicts 0.00 42s
epoch 4 loss 3.2870 conflicts 0.00 53s
epoch 5 loss 3.3960 conflicts 0.00 63s
epoch 6 loss 3.1684 conflicts 0.00 73s
epoch 7 loss 3.0349 conflicts 0.00 85s
epoch 8 loss 3.0229 conflicts 0.00 96s
epoch 9 loss 3.1711 conflicts 0.00 107s
epoch 10 loss 3.1812 conflicts 0.00 118s
epoch 11 loss 3.0045 conflicts 0.00 129s
epoch 12 loss 2.9610 conflicts 0.00 141s
epoch 13 loss 3.0919 conflicts 0.00 152s
epoch 14 loss 3.0694 conflicts 0.00 164s
{"loss": "infonce", "bits": 0, "guide": "none", "labels": 0, "epochs": 15, "batch": 256, "seed": 0, "out": "logs/runs.jsonl", "class_accuracy": 0.62175, "final_loss": 3.0694026947021484, "seconds": 164.94331002235413}
/opt/homebrew/opt/python@3.14/bin/python3.14 train_randbit.py --out logs/runs.jsonl --loss=infonce --bits=2 --guide=none --labels=0 --epochs=15
epoch 0 loss 3.6942 conflicts 0.00 11s
epoch 1 loss 3.3099 conflicts 0.00 22s
epoch 2 loss 3.1779 conflicts 0.00 34s
epoch 3 loss 3.1054 conflicts 0.00 45s
epoch 4 loss 3.0052 conflicts 0.00 56s
epoch 5 loss 3.0638 conflicts 0.00 67s
epoch 6 loss 2.9372 conflicts 0.00 77s
epoch 7 loss 2.8164 conflicts 0.00 88s
epoch 8 loss 2.8343 conflicts 0.00 98s
epoch 9 loss 2.8940 conflicts 0.00 108s
epoch 10 loss 2.8893 conflicts 0.00 118s
epoch 11 loss 2.8099 conflicts 0.00 128s
epoch 12 loss 2.7259 conflicts 0.00 137s
epoch 13 loss 2.8595 conflicts 0.00 147s
epoch 14 loss 2.7562 conflicts 0.00 157s
{"loss": "infonce", "bits": 2, "guide": "none", "labels": 0, "epochs": 15, "batch": 256, "seed": 0, "out": "logs/runs.jsonl", "class_accuracy": 0.574625, "bit_accuracy": 1.0, "final_loss": 2.756246328353882, "seconds": 157.93076610565186}
/opt/homebrew/opt/python@3.14/bin/python3.14 train_randbit.py --out logs/runs.jsonl --loss=infonce --bits=4 --guide=none --labels=0 --epochs=15
epoch 0 loss 3.1076 conflicts 0.00 10s
epoch 1 loss 2.9086 conflicts 0.00 20s
epoch 2 loss 2.7915 conflicts 0.00 30s
epoch 3 loss 2.6930 conflicts 0.00 40s
epoch 4 loss 2.6184 conflicts 0.00 50s
epoch 5 loss 2.6510 conflicts 0.00 60s
epoch 6 loss 2.5179 conflicts 0.00 70s
epoch 7 loss 2.4979 conflicts 0.00 80s
epoch 8 loss 2.5138 conflicts 0.00 89s
epoch 9 loss 2.5555 conflicts 0.00 99s
epoch 10 loss 2.5476 conflicts 0.00 109s
epoch 11 loss 2.4561 conflicts 0.00 119s
epoch 12 loss 2.4617 conflicts 0.00 129s
epoch 13 loss 2.4965 conflicts 0.00 138s
epoch 14 loss 2.3930 conflicts 0.00 148s
{"loss": "infonce", "bits": 4, "guide": "none", "labels": 0, "epochs": 15, "batch": 256, "seed": 0, "out": "logs/runs.jsonl", "class_accuracy": 0.52475, "bit_accuracy": 1.0, "final_loss": 2.392965316772461, "seconds": 149.26842498779297}
/opt/homebrew/opt/python@3.14/bin/python3.14 train_randbit.py --out logs/runs.jsonl --loss=infonce --bits=6 --guide=none --labels=0 --epochs=15
epoch 0 loss 2.3788 conflicts 0.00 10s
epoch 1 loss 2.3799 conflicts 0.00 20s
epoch 2 loss 2.3539 conflicts 0.00 30s
epoch 3 loss 2.3037 conflicts 0.00 40s
epoch 4 loss 2.2600 conflicts 0.00 49s
epoch 5 loss 2.2850 conflicts 0.00 59s
epoch 6 loss 2.2288 conflicts 0.00 69s
epoch 7 loss 2.2021 conflicts 0.00 79s
epoch 8 loss 2.1939 conflicts 0.00 88s
epoch 9 loss 2.2212 conflicts 0.00 98s
epoch 10 loss 2.1987 conflicts 0.00 108s
epoch 11 loss 2.2017 conflicts 0.00 118s
epoch 12 loss 2.1423 conflicts 0.00 127s
epoch 13 loss 2.1943 conflicts 0.00 137s
epoch 14 loss 2.1590 conflicts 0.00 147s
{"loss": "infonce", "bits": 6, "guide": "none", "labels": 0, "epochs": 15, "batch": 256, "seed": 0, "out": "logs/runs.jsonl", "class_accuracy": 0.4095, "bit_accuracy": 1.0, "final_loss": 2.1589512825012207, "seconds": 147.81581711769104}
/opt/homebrew/opt/python@3.14/bin/python3.14 train_randbit.py --out logs/runs.jsonl --loss=infonce --bits=8 --guide=none --labels=0 --epochs=15
epoch 0 loss 1.8510 conflicts 0.00 10s
epoch 1 loss 1.8249 conflicts 0.00 20s
epoch 2 loss 1.8455 conflicts 0.00 31s
epoch 3 loss 1.8770 conflicts 0.00 41s
epoch 4 loss 1.8102 conflicts 0.00 51s
epoch 5 loss 1.8356 conflicts 0.00 60s
epoch 6 loss 1.8304 conflicts 0.00 70s
epoch 7 loss 1.8027 conflicts 0.00 80s
epoch 8 loss 1.8354 conflicts 0.00 90s
epoch 9 loss 1.8167 conflicts 0.00 100s
epoch 10 loss 1.8150 conflicts 0.00 110s
epoch 11 loss 1.8106 conflicts 0.00 120s
epoch 12 loss 1.8135 conflicts 0.00 130s
epoch 13 loss 1.8108 conflicts 0.00 140s
epoch 14 loss 1.8631 conflicts 0.00 150s
{"loss": "infonce", "bits": 8, "guide": "none", "labels": 0, "epochs": 15, "batch": 256, "seed": 0, "out": "logs/runs.jsonl", "class_accuracy": 0.106125, "bit_accuracy": 1.0, "final_loss": 1.8630616664886475, "seconds": 150.42476415634155}
/opt/homebrew/opt/python@3.14/bin/python3.14 train_randbit.py --out logs/runs.jsonl --loss=infonce --bits=16 --guide=none --labels=0 --epochs=15
epoch 0 loss 1.6129 conflicts 0.00 11s
epoch 1 loss 1.5841 conflicts 0.00 20s
epoch 2 loss 1.5840 conflicts 0.00 30s
epoch 3 loss 1.5877 conflicts 0.00 40s
epoch 4 loss 1.5788 conflicts 0.00 50s
epoch 5 loss 1.5775 conflicts 0.00 60s
epoch 6 loss 1.5775 conflicts 0.00 71s
epoch 7 loss 1.5738 conflicts 0.00 81s
epoch 8 loss 1.5734 conflicts 0.00 91s
epoch 9 loss 1.5729 conflicts 0.00 101s
epoch 10 loss 1.5704 conflicts 0.00 111s
epoch 11 loss 1.5727 conflicts 0.00 122s
epoch 12 loss 1.5677 conflicts 0.00 132s
epoch 13 loss 1.5685 conflicts 0.00 142s
epoch 14 loss 1.5735 conflicts 0.00 152s
{"loss": "infonce", "bits": 16, "guide": "none", "labels": 0, "epochs": 15, "batch": 256, "seed": 0, "out": "logs/runs.jsonl", "class_accuracy": 0.09675, "bit_accuracy": 0.992796875, "final_loss": 1.5734666585922241, "seconds": 152.6440989971161}
/opt/homebrew/opt/python@3.14/bin/python3.14 train_randbit.py --out logs/runs.jsonl --loss=vicreg --bits=0 --guide=none --labels=0 --epochs=15
epoch 0 loss 27.7135 conflicts 0.00 10s
epoch 1 loss 25.5176 conflicts 0.00 19s
epoch 2 loss 23.2682 conflicts 0.00 28s
epoch 3 loss 21.5770 conflicts 0.00 37s
epoch 4 loss 21.1876 conflicts 0.00 46s
epoch 5 loss 22.4817 conflicts 0.00 55s
epoch 6 loss 20.5193 conflicts 0.00 65s
epoch 7 loss 18.9341 conflicts 0.00 74s
epoch 8 loss 19.2903 conflicts 0.00 83s
epoch 9 loss 20.6970 conflicts 0.00 92s
epoch 10 loss 19.6620 conflicts 0.00 102s
epoch 11 loss 19.0152 conflicts 0.00 111s
epoch 12 loss 18.0700 conflicts 0.00 120s
epoch 13 loss 19.7689 conflicts 0.00 130s
epoch 14 loss 18.9113 conflicts 0.00 139s
{"loss": "vicreg", "bits": 0, "guide": "none", "labels": 0, "epochs": 15, "batch": 256, "seed": 0, "out": "logs/runs.jsonl", "class_accuracy": 0.601125, "final_loss": 18.91131019592285, "seconds": 140.24757313728333}
/opt/homebrew/opt/python@3.14/bin/python3.14 train_randbit.py --out logs/runs.jsonl --loss=vicreg --bits=2 --guide=none --labels=0 --epochs=15
epoch 0 loss 24.1670 conflicts 0.00 10s
epoch 1 loss 22.6005 conflicts 0.00 19s
epoch 2 loss 21.2742 conflicts 0.00 29s
epoch 3 loss 19.1211 conflicts 0.00 38s
epoch 4 loss 18.4325 conflicts 0.00 48s
epoch 5 loss 18.3473 conflicts 0.00 57s
epoch 6 loss 17.8192 conflicts 0.00 67s
epoch 7 loss 16.3795 conflicts 0.00 76s
epoch 8 loss 16.2336 conflicts 0.00 85s
epoch 9 loss 17.8056 conflicts 0.00 95s
epoch 10 loss 15.7259 conflicts 0.00 104s
epoch 11 loss 15.7450 conflicts 0.00 114s
epoch 12 loss 14.9819 conflicts 0.00 123s
epoch 13 loss 16.2031 conflicts 0.00 132s
epoch 14 loss 14.9719 conflicts 0.00 142s
{"loss": "vicreg", "bits": 2, "guide": "none", "labels": 0, "epochs": 15, "batch": 256, "seed": 0, "out": "logs/runs.jsonl", "class_accuracy": 0.534, "bit_accuracy": 1.0, "final_loss": 14.971940040588379, "seconds": 142.86001992225647}
/opt/homebrew/opt/python@3.14/bin/python3.14 train_randbit.py --out logs/runs.jsonl --loss=vicreg --bits=4 --guide=none --labels=0 --epochs=15
epoch 0 loss 15.1042 conflicts 0.00 10s
epoch 1 loss 14.9018 conflicts 0.00 20s
epoch 2 loss 14.8530 conflicts 0.00 29s
epoch 3 loss 14.7739 conflicts 0.00 38s
epoch 4 loss 14.7760 conflicts 0.00 48s
epoch 5 loss 14.7833 conflicts 0.00 57s
epoch 6 loss 14.7675 conflicts 0.00 66s
epoch 7 loss 14.7681 conflicts 0.00 76s
epoch 8 loss 14.7680 conflicts 0.00 85s
epoch 9 loss 14.7655 conflicts 0.00 94s
epoch 10 loss 14.7713 conflicts 0.00 104s
epoch 11 loss 14.7655 conflicts 0.00 113s
epoch 12 loss 14.7661 conflicts 0.00 122s
epoch 13 loss 14.7651 conflicts 0.00 131s
epoch 14 loss 14.7632 conflicts 0.00 141s
  return f(*arrays, *other_args, **kwargs)
{"loss": "vicreg", "bits": 4, "guide": "none", "labels": 0, "epochs": 15, "batch": 256, "seed": 0, "out": "logs/runs.jsonl", "class_accuracy": 0.123, "bit_accuracy": 1.0, "final_loss": 14.763216972351074, "seconds": 141.54141807556152}
/opt/homebrew/opt/python@3.14/bin/python3.14 train_randbit.py --out logs/runs.jsonl --loss=vicreg --bits=6 --guide=none --labels=0 --epochs=15
epoch 0 loss 6.1652 conflicts 0.00 10s
epoch 1 loss 4.9915 conflicts 0.00 19s
epoch 2 loss 4.1102 conflicts 0.00 29s
epoch 3 loss 3.3779 conflicts 0.00 38s
epoch 4 loss 3.5756 conflicts 0.00 47s
epoch 5 loss 3.3308 conflicts 0.00 57s
epoch 6 loss 3.2523 conflicts 0.00 66s
epoch 7 loss 2.8932 conflicts 0.00 76s
epoch 8 loss 2.9358 conflicts 0.00 85s
epoch 9 loss 2.8899 conflicts 0.00 95s
epoch 10 loss 2.7620 conflicts 0.00 104s
epoch 11 loss 2.6775 conflicts 0.00 113s
epoch 12 loss 2.8314 conflicts 0.00 123s
epoch 13 loss 2.4731 conflicts 0.00 132s
epoch 14 loss 2.7800 conflicts 0.00 141s
{"loss": "vicreg", "bits": 6, "guide": "none", "labels": 0, "epochs": 15, "batch": 256, "seed": 0, "out": "logs/runs.jsonl", "class_accuracy": 0.10525, "bit_accuracy": 1.0, "final_loss": 2.780001163482666, "seconds": 141.88845801353455}
/opt/homebrew/opt/python@3.14/bin/python3.14 train_randbit.py --out logs/runs.jsonl --loss=vicreg --bits=8 --guide=none --labels=0 --epochs=15
epoch 0 loss 6.2777 conflicts 0.00 10s
epoch 1 loss 4.9154 conflicts 0.00 19s
epoch 2 loss 4.1249 conflicts 0.00 28s
epoch 3 loss 3.4514 conflicts 0.00 38s
epoch 4 loss 2.9400 conflicts 0.00 47s
epoch 5 loss 2.6794 conflicts 0.00 56s
epoch 6 loss 2.4718 conflicts 0.00 66s
epoch 7 loss 2.2390 conflicts 0.00 76s
epoch 8 loss 2.2177 conflicts 0.00 86s
epoch 9 loss 1.8845 conflicts 0.00 96s
epoch 10 loss 1.7874 conflicts 0.00 105s
epoch 11 loss 1.6786 conflicts 0.00 115s
epoch 12 loss 1.5927 conflicts 0.00 125s
epoch 13 loss 1.6909 conflicts 0.00 135s
epoch 14 loss 1.7184 conflicts 0.00 144s
{"loss": "vicreg", "bits": 8, "guide": "none", "labels": 0, "epochs": 15, "batch": 256, "seed": 0, "out": "logs/runs.jsonl", "class_accuracy": 0.09675, "bit_accuracy": 1.0, "final_loss": 1.7184228897094727, "seconds": 145.38755202293396}
/opt/homebrew/opt/python@3.14/bin/python3.14 train_randbit.py --out logs/runs.jsonl --loss=vicreg --bits=16 --guide=none --labels=0 --epochs=15
epoch 0 loss 7.3000 conflicts 0.00 11s
epoch 1 loss 4.9099 conflicts 0.00 20s
epoch 2 loss 4.3955 conflicts 0.00 30s
epoch 3 loss 3.7316 conflicts 0.00 40s
epoch 4 loss 3.4677 conflicts 0.00 50s
epoch 5 loss 3.1316 conflicts 0.00 60s
epoch 6 loss 2.7679 conflicts 0.00 70s
epoch 7 loss 2.5759 conflicts 0.00 80s
epoch 8 loss 2.3980 conflicts 0.00 90s
epoch 9 loss 2.4950 conflicts 0.00 99s
epoch 10 loss 2.2953 conflicts 0.00 109s
epoch 11 loss 2.1246 conflicts 0.00 118s
epoch 12 loss 2.0553 conflicts 0.00 128s
epoch 13 loss 2.0217 conflicts 0.00 137s
epoch 14 loss 1.8978 conflicts 0.00 147s
{"loss": "vicreg", "bits": 16, "guide": "none", "labels": 0, "epochs": 15, "batch": 256, "seed": 0, "out": "logs/runs.jsonl", "class_accuracy": 0.103, "bit_accuracy": 0.96865625, "final_loss": 1.897847056388855, "seconds": 147.84696197509766}
/opt/homebrew/opt/python@3.14/bin/python3.14 train_randbit.py --out logs/runs.jsonl --loss=sigreg --bits=0 --guide=none --labels=0 --epochs=15
epoch 0 loss 0.5455 conflicts 0.00 10s
epoch 1 loss 0.4952 conflicts 0.00 19s
epoch 2 loss 0.3944 conflicts 0.00 28s
epoch 3 loss 0.3930 conflicts 0.00 38s
epoch 4 loss 0.3599 conflicts 0.00 47s
epoch 5 loss 0.3617 conflicts 0.00 56s
epoch 6 loss 0.3059 conflicts 0.00 65s
epoch 7 loss 0.3217 conflicts 0.00 75s
epoch 8 loss 0.3253 conflicts 0.00 84s
epoch 9 loss 0.3061 conflicts 0.00 93s
epoch 10 loss 0.2882 conflicts 0.00 102s
epoch 11 loss 0.2912 conflicts 0.00 111s
epoch 12 loss 0.2965 conflicts 0.00 121s
epoch 13 loss 0.2860 conflicts 0.00 130s
epoch 14 loss 0.2708 conflicts 0.00 139s
{"loss": "sigreg", "bits": 0, "guide": "none", "labels": 0, "epochs": 15, "batch": 256, "seed": 0, "out": "logs/runs.jsonl", "class_accuracy": 0.568875, "final_loss": 0.27079588174819946, "seconds": 140.2617530822754}
/opt/homebrew/opt/python@3.14/bin/python3.14 train_randbit.py --out logs/runs.jsonl --loss=sigreg --bits=2 --guide=none --labels=0 --epochs=15
epoch 0 loss 0.5682 conflicts 0.00 10s
epoch 1 loss 0.4397 conflicts 0.00 19s
epoch 2 loss 0.3605 conflicts 0.00 29s
epoch 3 loss 0.3434 conflicts 0.00 38s
epoch 4 loss 0.3353 conflicts 0.00 47s
epoch 5 loss 0.3286 conflicts 0.00 57s
epoch 6 loss 0.2802 conflicts 0.00 66s
epoch 7 loss 0.2973 conflicts 0.00 75s
epoch 8 loss 0.2978 conflicts 0.00 85s
epoch 9 loss 0.2794 conflicts 0.00 94s
epoch 10 loss 0.2793 conflicts 0.00 103s
epoch 11 loss 0.2678 conflicts 0.00 113s
epoch 12 loss 0.2615 conflicts 0.00 122s
epoch 13 loss 0.2491 conflicts 0.00 131s
epoch 14 loss 0.2485 conflicts 0.00 141s
{"loss": "sigreg", "bits": 2, "guide": "none", "labels": 0, "epochs": 15, "batch": 256, "seed": 0, "out": "logs/runs.jsonl", "class_accuracy": 0.498875, "bit_accuracy": 1.0, "final_loss": 0.2484970986843109, "seconds": 141.8033721446991}
/opt/homebrew/opt/python@3.14/bin/python3.14 train_randbit.py --out logs/runs.jsonl --loss=sigreg --bits=4 --guide=none --labels=0 --epochs=15
epoch 0 loss 0.4032 conflicts 0.00 10s
epoch 1 loss 0.3169 conflicts 0.00 19s
epoch 2 loss 0.2828 conflicts 0.00 29s
epoch 3 loss 0.2861 conflicts 0.00 38s
epoch 4 loss 0.2446 conflicts 0.00 48s
epoch 5 loss 0.2422 conflicts 0.00 57s
epoch 6 loss 0.2291 conflicts 0.00 67s
epoch 7 loss 0.2466 conflicts 0.00 76s
epoch 8 loss 0.2240 conflicts 0.00 85s
epoch 9 loss 0.2411 conflicts 0.00 95s
epoch 10 loss 0.2218 conflicts 0.00 104s
epoch 11 loss 0.2267 conflicts 0.00 114s
epoch 12 loss 0.2161 conflicts 0.00 123s
epoch 13 loss 0.1843 conflicts 0.00 133s
epoch 14 loss 0.2084 conflicts 0.00 142s
{"loss": "sigreg", "bits": 4, "guide": "none", "labels": 0, "epochs": 15, "batch": 256, "seed": 0, "out": "logs/runs.jsonl", "class_accuracy": 0.398, "bit_accuracy": 1.0, "final_loss": 0.20840957760810852, "seconds": 143.22259187698364}
/opt/homebrew/opt/python@3.14/bin/python3.14 train_randbit.py --out logs/runs.jsonl --loss=sigreg --bits=6 --guide=none --labels=0 --epochs=15
epoch 0 loss 0.2746 conflicts 0.00 10s
epoch 1 loss 0.2093 conflicts 0.00 19s
epoch 2 loss 0.2007 conflicts 0.00 28s
epoch 3 loss 0.1877 conflicts 0.00 38s
epoch 4 loss 0.1671 conflicts 0.00 47s
epoch 5 loss 0.1640 conflicts 0.00 56s
epoch 6 loss 0.1537 conflicts 0.00 66s
epoch 7 loss 0.1558 conflicts 0.00 75s
epoch 8 loss 0.1497 conflicts 0.00 84s
epoch 9 loss 0.1569 conflicts 0.00 94s
epoch 10 loss 0.1491 conflicts 0.00 103s
epoch 11 loss 0.1660 conflicts 0.00 112s
epoch 12 loss 0.1418 conflicts 0.00 122s
epoch 13 loss 0.1453 conflicts 0.00 131s
epoch 14 loss 0.1431 conflicts 0.00 141s
{"loss": "sigreg", "bits": 6, "guide": "none", "labels": 0, "epochs": 15, "batch": 256, "seed": 0, "out": "logs/runs.jsonl", "class_accuracy": 0.21675, "bit_accuracy": 1.0, "final_loss": 0.14305897057056427, "seconds": 141.50439286231995}
/opt/homebrew/opt/python@3.14/bin/python3.14 train_randbit.py --out logs/runs.jsonl --loss=sigreg --bits=8 --guide=none --labels=0 --epochs=15
epoch 0 loss 0.2343 conflicts 0.00 10s
epoch 1 loss 0.1645 conflicts 0.00 19s
epoch 2 loss 0.1490 conflicts 0.00 29s
epoch 3 loss 0.1371 conflicts 0.00 38s
epoch 4 loss 0.1293 conflicts 0.00 47s
epoch 5 loss 0.1278 conflicts 0.00 57s
epoch 6 loss 0.1131 conflicts 0.00 66s
epoch 7 loss 0.1173 conflicts 0.00 75s
epoch 8 loss 0.1148 conflicts 0.00 85s
epoch 9 loss 0.1095 conflicts 0.00 94s
epoch 10 loss 0.1030 conflicts 0.00 103s
epoch 11 loss 0.1025 conflicts 0.00 113s
epoch 12 loss 0.1005 conflicts 0.00 122s
epoch 13 loss 0.0881 conflicts 0.00 131s
epoch 14 loss 0.0899 conflicts 0.00 141s
{"loss": "sigreg", "bits": 8, "guide": "none", "labels": 0, "epochs": 15, "batch": 256, "seed": 0, "out": "logs/runs.jsonl", "class_accuracy": 0.102, "bit_accuracy": 1.0, "final_loss": 0.08991651982069016, "seconds": 141.62293195724487}
/opt/homebrew/opt/python@3.14/bin/python3.14 train_randbit.py --out logs/runs.jsonl --loss=sigreg --bits=16 --guide=none --labels=0 --epochs=15
epoch 0 loss 0.2359 conflicts 0.00 10s
epoch 1 loss 0.1813 conflicts 0.00 20s
epoch 2 loss 0.1502 conflicts 0.00 30s
epoch 3 loss 0.1273 conflicts 0.00 40s
epoch 4 loss 0.1262 conflicts 0.00 49s
epoch 5 loss 0.1112 conflicts 0.00 59s
epoch 6 loss 0.0984 conflicts 0.00 68s
epoch 7 loss 0.0896 conflicts 0.00 78s
epoch 8 loss 0.0998 conflicts 0.00 88s
epoch 9 loss 0.0950 conflicts 0.00 97s
epoch 10 loss 0.0926 conflicts 0.00 107s
epoch 11 loss 0.0869 conflicts 0.00 117s
epoch 12 loss 0.0853 conflicts 0.00 127s
epoch 13 loss 0.0808 conflicts 0.00 137s
epoch 14 loss 0.0851 conflicts 0.00 148s
{"loss": "sigreg", "bits": 16, "guide": "none", "labels": 0, "epochs": 15, "batch": 256, "seed": 0, "out": "logs/runs.jsonl", "class_accuracy": 0.100375, "bit_accuracy": 0.9936015625, "final_loss": 0.08506296575069427, "seconds": 149.23513007164001}
/opt/homebrew/opt/python@3.14/bin/python3.14 train_randbit.py --out logs/runs.jsonl --loss=infonce --bits=16 --guide=joint --labels=100 --epochs=15
epoch 0 loss 1.6009 conflicts 0.00 14s
epoch 1 loss 1.5792 conflicts 0.00 27s
epoch 2 loss 1.5747 conflicts 0.00 41s
epoch 3 loss 1.5758 conflicts 0.00 54s
epoch 4 loss 1.5721 conflicts 0.00 67s
epoch 5 loss 1.5731 conflicts 0.00 79s
epoch 6 loss 1.5718 conflicts 0.00 92s
epoch 7 loss 1.5714 conflicts 0.00 105s
epoch 8 loss 1.5684 conflicts 0.00 118s
epoch 9 loss 1.5682 conflicts 0.00 130s
epoch 10 loss 1.5705 conflicts 0.00 143s
epoch 11 loss 1.5702 conflicts 0.00 155s
epoch 12 loss 1.5663 conflicts 0.00 168s
epoch 13 loss 1.5629 conflicts 0.00 180s
epoch 14 loss 1.5666 conflicts 0.00 192s
{"loss": "infonce", "bits": 16, "guide": "joint", "labels": 100, "epochs": 15, "batch": 256, "seed": 0, "out": "logs/runs.jsonl", "class_accuracy": 0.103625, "bit_accuracy": 0.992046875, "final_loss": 1.5666359663009644, "seconds": 193.53110694885254}
/opt/homebrew/opt/python@3.14/bin/python3.14 train_randbit.py --out logs/runs.jsonl --loss=infonce --bits=16 --guide=agem --labels=100 --epochs=15
epoch 0 loss 1.6013 conflicts 0.29 13s
epoch 1 loss 1.5816 conflicts 0.28 26s
epoch 2 loss 1.5786 conflicts 0.21 39s
epoch 3 loss 1.5764 conflicts 0.23 51s
epoch 4 loss 1.5684 conflicts 0.14 64s
epoch 5 loss 1.5749 conflicts 0.15 77s
epoch 6 loss 1.5711 conflicts 0.28 90s
epoch 7 loss 1.5706 conflicts 0.24 102s
epoch 8 loss 1.5691 conflicts 0.21 115s
epoch 9 loss 1.5699 conflicts 0.23 128s
epoch 10 loss 1.5708 conflicts 0.19 140s
epoch 11 loss 1.5709 conflicts 0.26 153s
epoch 12 loss 1.5644 conflicts 0.18 166s
epoch 13 loss 1.5640 conflicts 0.14 178s
epoch 14 loss 1.5655 conflicts 0.26 191s
{"loss": "infonce", "bits": 16, "guide": "agem", "labels": 100, "epochs": 15, "batch": 256, "seed": 0, "out": "logs/runs.jsonl", "class_accuracy": 0.09825, "bit_accuracy": 0.9921796875, "final_loss": 1.565544843673706, "seconds": 192.00009489059448}
/opt/homebrew/opt/python@3.14/bin/python3.14 train_randbit.py --out logs/runs.jsonl --loss=vicreg --bits=16 --guide=joint --labels=100 --epochs=15
epoch 0 loss 7.3070 conflicts 0.00 13s
epoch 1 loss 5.1209 conflicts 0.00 25s
epoch 2 loss 4.1681 conflicts 0.00 37s
epoch 3 loss 3.8101 conflicts 0.00 50s
epoch 4 loss 3.3419 conflicts 0.00 62s
epoch 5 loss 3.0007 conflicts 0.00 75s
epoch 6 loss 2.6854 conflicts 0.00 87s
epoch 7 loss 2.4602 conflicts 0.00 100s
epoch 8 loss 2.3828 conflicts 0.00 112s
epoch 9 loss 2.1907 conflicts 0.00 125s
epoch 10 loss 2.2161 conflicts 0.00 138s
epoch 11 loss 2.1379 conflicts 0.00 150s
epoch 12 loss 1.8937 conflicts 0.00 162s
epoch 13 loss 1.7592 conflicts 0.00 174s
epoch 14 loss 1.8680 conflicts 0.00 187s
{"loss": "vicreg", "bits": 16, "guide": "joint", "labels": 100, "epochs": 15, "batch": 256, "seed": 0, "out": "logs/runs.jsonl", "class_accuracy": 0.102875, "bit_accuracy": 0.9858984375, "final_loss": 1.8680418729782104, "seconds": 188.1281819343567}
/opt/homebrew/opt/python@3.14/bin/python3.14 train_randbit.py --out logs/runs.jsonl --loss=vicreg --bits=16 --guide=agem --labels=100 --epochs=15
epoch 0 loss 7.2347 conflicts 0.06 14s
epoch 1 loss 5.1030 conflicts 0.06 28s
epoch 2 loss 4.2566 conflicts 0.10 43s
epoch 3 loss 3.7516 conflicts 0.14 56s
epoch 4 loss 3.4307 conflicts 0.08 71s
epoch 5 loss 3.2023 conflicts 0.14 86s
epoch 6 loss 2.7095 conflicts 0.26 99s
epoch 7 loss 2.6256 conflicts 0.23 114s
epoch 8 loss 2.3403 conflicts 0.27 127s
epoch 9 loss 2.2208 conflicts 0.23 140s
epoch 10 loss 2.0681 conflicts 0.29 153s
epoch 11 loss 2.1015 conflicts 0.28 166s
epoch 12 loss 1.9583 conflicts 0.26 178s
epoch 13 loss 1.8817 conflicts 0.28 191s
epoch 14 loss 1.7938 conflicts 0.37 204s
{"loss": "vicreg", "bits": 16, "guide": "agem", "labels": 100, "epochs": 15, "batch": 256, "seed": 0, "out": "logs/runs.jsonl", "class_accuracy": 0.099375, "bit_accuracy": 0.9896875, "final_loss": 1.793808937072754, "seconds": 205.33269810676575}
/opt/homebrew/opt/python@3.14/bin/python3.14 train_randbit.py --out logs/runs.jsonl --loss=sigreg --bits=16 --guide=joint --labels=100 --epochs=15
epoch 0 loss 0.1777 conflicts 0.00 13s
epoch 1 loss 0.1573 conflicts 0.00 26s
epoch 2 loss 0.1289 conflicts 0.00 39s
epoch 3 loss 0.1219 conflicts 0.00 51s
epoch 4 loss 0.1143 conflicts 0.00 64s
epoch 5 loss 0.1026 conflicts 0.00 76s
epoch 6 loss 0.1027 conflicts 0.00 89s
epoch 7 loss 0.1021 conflicts 0.00 101s
epoch 8 loss 0.0940 conflicts 0.00 114s
epoch 9 loss 0.1177 conflicts 0.00 127s
epoch 10 loss 0.1056 conflicts 0.00 139s
epoch 11 loss 0.0899 conflicts 0.00 152s
epoch 12 loss 0.0877 conflicts 0.00 165s
epoch 13 loss 0.0827 conflicts 0.00 177s
epoch 14 loss 0.0838 conflicts 0.00 190s
{"loss": "sigreg", "bits": 16, "guide": "joint", "labels": 100, "epochs": 15, "batch": 256, "seed": 0, "out": "logs/runs.jsonl", "class_accuracy": 0.098375, "bit_accuracy": 0.9888203125, "final_loss": 0.08376084268093109, "seconds": 191.51819014549255}
/opt/homebrew/opt/python@3.14/bin/python3.14 train_randbit.py --out logs/runs.jsonl --loss=sigreg --bits=16 --guide=agem --labels=100 --epochs=15
epoch 0 loss 0.1776 conflicts 0.23 14s
epoch 1 loss 0.1619 conflicts 0.23 28s
epoch 2 loss 0.1328 conflicts 0.19 41s
epoch 3 loss 0.1273 conflicts 0.14 55s
epoch 4 loss 0.1100 conflicts 0.13 68s
epoch 5 loss 0.1153 conflicts 0.18 82s
epoch 6 loss 0.1043 conflicts 0.22 95s
epoch 7 loss 0.0993 conflicts 0.31 110s
epoch 8 loss 0.0955 conflicts 0.26 123s
epoch 9 loss 0.0929 conflicts 0.23 136s
epoch 10 loss 0.0879 conflicts 0.40 149s
epoch 11 loss 0.0896 conflicts 0.32 162s
epoch 12 loss 0.0879 conflicts 0.22 175s
epoch 13 loss 0.0807 conflicts 0.29 188s
epoch 14 loss 0.0798 conflicts 0.37 200s
{"loss": "sigreg", "bits": 16, "guide": "agem", "labels": 100, "epochs": 15, "batch": 256, "seed": 0, "out": "logs/runs.jsonl", "class_accuracy": 0.1, "bit_accuracy": 0.9957734375, "final_loss": 0.0797630250453949, "seconds": 201.7816948890686}
/opt/homebrew/opt/python@3.14/bin/python3.14 train_randbit.py --out logs/runs.jsonl --loss=none --bits=0 --guide=joint --labels=100 --epochs=15
epoch 0 loss 0.0000 conflicts 0.00 9s
epoch 1 loss -0.0000 conflicts 0.00 17s
epoch 2 loss 0.0000 conflicts 0.00 26s
epoch 3 loss -0.0000 conflicts 0.00 34s
epoch 4 loss 0.0000 conflicts 0.00 43s
epoch 5 loss 0.0000 conflicts 0.00 51s
epoch 6 loss -0.0000 conflicts 0.00 61s
epoch 7 loss -0.0000 conflicts 0.00 70s
epoch 8 loss 0.0000 conflicts 0.00 79s
epoch 9 loss 0.0000 conflicts 0.00 88s
epoch 10 loss -0.0000 conflicts 0.00 96s
epoch 11 loss -0.0000 conflicts 0.00 104s
epoch 12 loss -0.0000 conflicts 0.00 112s
epoch 13 loss 0.0000 conflicts 0.00 120s
epoch 14 loss 0.0000 conflicts 0.00 129s
{"loss": "none", "bits": 0, "guide": "joint", "labels": 100, "label_bits": "fixed", "epochs": 15, "batch": 256, "seed": 0, "out": "logs/runs.jsonl", "class_accuracy": 0.562, "final_loss": 0.0, "seconds": 130.01641607284546}
/opt/homebrew/opt/python@3.14/bin/python3.14 train_randbit.py --out logs/runs.jsonl --loss=none --bits=16 --guide=joint --labels=100 --epochs=15
epoch 0 loss -0.0000 conflicts 0.00 9s
epoch 1 loss 0.0000 conflicts 0.00 18s
epoch 2 loss -0.0000 conflicts 0.00 26s
epoch 3 loss 0.0000 conflicts 0.00 35s
epoch 4 loss 0.0000 conflicts 0.00 44s
epoch 5 loss -0.0000 conflicts 0.00 53s
epoch 6 loss 0.0000 conflicts 0.00 62s
epoch 7 loss 0.0000 conflicts 0.00 71s
epoch 8 loss -0.0000 conflicts 0.00 80s
epoch 9 loss -0.0000 conflicts 0.00 88s
epoch 10 loss 0.0000 conflicts 0.00 97s
epoch 11 loss 0.0000 conflicts 0.00 106s
epoch 12 loss 0.0000 conflicts 0.00 115s
epoch 13 loss 0.0000 conflicts 0.00 123s
epoch 14 loss -0.0000 conflicts 0.00 132s
{"loss": "none", "bits": 16, "guide": "joint", "labels": 100, "label_bits": "fixed", "epochs": 15, "batch": 256, "seed": 0, "out": "logs/runs.jsonl", "class_accuracy": 0.11225, "bit_accuracy": 0.9763515625, "final_loss": -0.0, "seconds": 132.9271297454834}
/opt/homebrew/opt/python@3.14/bin/python3.14 train_randbit.py --out logs/runs.jsonl --loss=infonce --bits=16 --guide=joint --labels=100 --epochs=15 --label-bits=fresh
epoch 0 loss 1.6468 conflicts 0.00 14s
epoch 1 loss 1.6285 conflicts 0.00 27s
epoch 2 loss 1.6184 conflicts 0.00 40s
epoch 3 loss 1.6313 conflicts 0.00 52s
epoch 4 loss 1.6186 conflicts 0.00 64s
epoch 5 loss 1.6134 conflicts 0.00 77s
epoch 6 loss 1.6069 conflicts 0.00 89s
epoch 7 loss 1.6072 conflicts 0.00 101s
epoch 8 loss 1.6041 conflicts 0.00 113s
epoch 9 loss 1.6059 conflicts 0.00 125s
epoch 10 loss 1.6135 conflicts 0.00 138s
epoch 11 loss 1.6189 conflicts 0.00 150s
epoch 12 loss 1.6147 conflicts 0.00 162s
epoch 13 loss 1.6139 conflicts 0.00 175s
epoch 14 loss 1.6205 conflicts 0.00 187s
{"loss": "infonce", "bits": 16, "guide": "joint", "labels": 100, "label_bits": "fresh", "epochs": 15, "batch": 256, "seed": 0, "out": "logs/runs.jsonl", "class_accuracy": 0.38575, "bit_accuracy": 0.998609375, "final_loss": 1.620529294013977, "seconds": 188.66710662841797}
/opt/homebrew/opt/python@3.14/bin/python3.14 train_randbit.py --out logs/runs.jsonl --loss=vicreg --bits=16 --guide=joint --labels=100 --epochs=15 --label-bits=fresh
epoch 0 loss 7.0161 conflicts 0.00 13s
epoch 1 loss 5.2264 conflicts 0.00 26s
epoch 2 loss 4.1717 conflicts 0.00 38s
epoch 3 loss 3.9080 conflicts 0.00 51s
epoch 4 loss 3.3555 conflicts 0.00 63s
epoch 5 loss 3.1069 conflicts 0.00 76s
epoch 6 loss 2.7757 conflicts 0.00 88s
epoch 7 loss 2.7057 conflicts 0.00 101s
epoch 8 loss 2.5247 conflicts 0.00 113s
epoch 9 loss 2.4622 conflicts 0.00 125s
epoch 10 loss 2.1583 conflicts 0.00 138s
epoch 11 loss 2.0942 conflicts 0.00 150s
epoch 12 loss 2.0540 conflicts 0.00 163s
epoch 13 loss 2.0772 conflicts 0.00 175s
epoch 14 loss 2.0328 conflicts 0.00 187s
{"loss": "vicreg", "bits": 16, "guide": "joint", "labels": 100, "label_bits": "fresh", "epochs": 15, "batch": 256, "seed": 0, "out": "logs/runs.jsonl", "class_accuracy": 0.09725, "bit_accuracy": 0.974953125, "final_loss": 2.0327563285827637, "seconds": 188.3026213645935}
/opt/homebrew/opt/python@3.14/bin/python3.14 train_randbit.py --out logs/runs.jsonl --loss=sigreg --bits=16 --guide=joint --labels=100 --epochs=15 --label-bits=fresh
epoch 0 loss 0.3109 conflicts 0.00 13s
epoch 1 loss 0.2827 conflicts 0.00 25s
epoch 2 loss 0.2641 conflicts 0.00 38s
epoch 3 loss 0.2605 conflicts 0.00 50s
epoch 4 loss 0.2462 conflicts 0.00 62s
epoch 5 loss 0.2671 conflicts 0.00 74s
epoch 6 loss 0.2476 conflicts 0.00 86s
epoch 7 loss 0.2460 conflicts 0.00 99s
epoch 8 loss 0.2451 conflicts 0.00 111s
epoch 9 loss 0.2431 conflicts 0.00 123s
epoch 10 loss 0.2348 conflicts 0.00 136s
epoch 11 loss 0.2435 conflicts 0.00 148s
epoch 12 loss 0.2246 conflicts 0.00 161s
epoch 13 loss 0.2516 conflicts 0.00 173s
epoch 14 loss 0.2389 conflicts 0.00 186s
{"loss": "sigreg", "bits": 16, "guide": "joint", "labels": 100, "label_bits": "fresh", "epochs": 15, "batch": 256, "seed": 0, "out": "logs/runs.jsonl", "class_accuracy": 0.507875, "bit_accuracy": 0.9025234375, "final_loss": 0.23888593912124634, "seconds": 187.11245226860046}
/opt/homebrew/opt/python@3.14/bin/python3.14 train_randbit.py --out logs/runs.jsonl --loss=none --bits=16 --guide=joint --labels=100 --epochs=15 --label-bits=fresh
epoch 0 loss -0.0000 conflicts 0.00 9s
epoch 1 loss 0.0000 conflicts 0.00 18s
epoch 2 loss -0.0000 conflicts 0.00 27s
epoch 3 loss 0.0000 conflicts 0.00 35s
epoch 4 loss 0.0000 conflicts 0.00 44s
epoch 5 loss -0.0000 conflicts 0.00 53s
epoch 6 loss 0.0000 conflicts 0.00 61s
epoch 7 loss 0.0000 conflicts 0.00 70s
epoch 8 loss -0.0000 conflicts 0.00 78s
epoch 9 loss -0.0000 conflicts 0.00 87s
epoch 10 loss 0.0000 conflicts 0.00 96s
epoch 11 loss 0.0000 conflicts 0.00 104s
epoch 12 loss 0.0000 conflicts 0.00 113s
epoch 13 loss 0.0000 conflicts 0.00 121s
epoch 14 loss -0.0000 conflicts 0.00 130s
{"loss": "none", "bits": 16, "guide": "joint", "labels": 100, "label_bits": "fresh", "epochs": 15, "batch": 256, "seed": 0, "out": "logs/runs.jsonl", "class_accuracy": 0.5185, "bit_accuracy": 0.60240625, "final_loss": -0.0, "seconds": 131.20421504974365}
